// Jest Snapshot v1, https://goo.gl/fbAQLP

exports[`Home page matches snapshot 1`] = `
<DocumentFragment>
  <div
    class="app__Container-bd6w6f-0 goomNq"
  >
    <main
      class="app__Main-bd6w6f-1 jNjEkL"
    >
      <h1
        class="app__Title-bd6w6f-2 fNOXeV"
      >
        Welcome to 
        <a
          class="app__Anchor-bd6w6f-3 app__TitleAnchor-bd6w6f-4 ccGNqT lilnnZ"
          href="https://nextjs.org"
        >
          Next.js!
        </a>
      </h1>
      <p
        class="app__Description-bd6w6f-8 hQLwJh"
      >
        Get started by editing 
        <code
          class="app__Code-bd6w6f-10 bujoZM"
        >
          pages/index.tsx
        </code>
      </p>
      <div
        class="app__Grid-bd6w6f-9 kxkvjV"
      >
        <a
          class="app__Anchor-bd6w6f-3 app__CardAnckor-bd6w6f-11 ccGNqT bhSZiU"
          href="https://nextjs.org/docs"
        >
          <h3>
            Documentation →
          </h3>
          <p>
            Find in-depth information about Next.js features and API.
          </p>
        </a>
        <a
          class="app__Anchor-bd6w6f-3 app__CardAnckor-bd6w6f-11 ccGNqT bhSZiU"
          href="https://nextjs.org/learn"
        >
          <h3>
            Learn →
          </h3>
          <p>
            Learn about Next.js in an interactive course with quizzes!
          </p>
        </a>
        <a
          class="app__Anchor-bd6w6f-3 app__CardAnckor-bd6w6f-11 ccGNqT bhSZiU"
          href="https://github.com/vercel/next.js/tree/master/examples"
        >
          <h3>
            Examples →
          </h3>
          <p>
            Discover and deploy boilerplate example Next.js projects.
          </p>
        </a>
        <a
          class="app__Anchor-bd6w6f-3 app__CardAnckor-bd6w6f-11 ccGNqT bhSZiU"
          href="https://vercel.com/new?utm_source=create-next-app&utm_medium=default-template&utm_campaign=create-next-app"
        >
          <h3>
            Deploy →
          </h3>
          <p>
            Instantly deploy your Next.js site to a public URL with Vercel.
          </p>
        </a>
      </div>
    </main>
    <footer
      class="app__Footer-bd6w6f-5 cPwtId"
    >
      <a
        class="app__Anchor-bd6w6f-3 app__FooterAncor-bd6w6f-6 ccGNqT bbauf"
        href="https://vercel.com?utm_source=create-next-app&utm_medium=default-template&utm_campaign=create-next-app"
        rel="noopener noreferrer"
        target="_blank"
      >
        Powered by 
        <div
          style="display: inline-block; max-width: 100%; overflow: hidden; position: relative; box-sizing: border-box; margin: 0px;"
        >
          <div
            style="box-sizing: border-box; display: block; max-width: 100%;"
          >
            <img
              alt=""
              aria-hidden="true"
              role="presentation"
              src="data:image/svg+xml;base64,PHN2ZyB3aWR0aD0iNjQiIGhlaWdodD0iMzIiIHhtbG5zPSJodHRwOi8vd3d3LnczLm9yZy8yMDAwL3N2ZyIgdmVyc2lvbj0iMS4xIi8+"
              style="max-width: 100%; display: block; margin: 0px; padding: 0px;"
            />
          </div>
          <noscript />
          <img
            alt="Vercel Logo"
            class="app__FooterImage-bd6w6f-7 hAQQzM"
            decoding="async"
            src="data:image/gif;base64,R0lGODlhAQABAIAAAAAAAP///yH5BAEAAAAALAAAAAABAAEAAAIBRAA7"
            style="position: absolute; top: 0px; left: 0px; bottom: 0px; right: 0px; box-sizing: border-box; padding: 0px; margin: auto; display: block; width: 0px; height: 0px; min-width: 100%; max-width: 100%; min-height: 100%; max-height: 100%;"
          />
        </div>
      </a>
    </footer>
  </div>
</DocumentFragment>
`;
